------------------------------------------------------------
TimeQuest Timing Analyzer Summary
------------------------------------------------------------

Type  : Slow 1100mV 85C Model Setup 'clk'
Slack : -103.431
TNS   : -321719.495

Type  : Slow 1100mV 85C Model Hold 'clk'
Slack : 0.592
TNS   : 0.000

Type  : Slow 1100mV 85C Model Minimum Pulse Width 'clk'
Slack : -0.724
TNS   : -3638.313

Type  : Slow 1100mV 0C Model Setup 'clk'
Slack : -107.674
TNS   : -333623.350

Type  : Slow 1100mV 0C Model Hold 'clk'
Slack : 0.593
TNS   : 0.000

Type  : Slow 1100mV 0C Model Minimum Pulse Width 'clk'
Slack : -0.724
TNS   : -3637.638

Type  : Fast 1100mV 85C Model Setup 'clk'
Slack : -43.537
TNS   : -134793.740

Type  : Fast 1100mV 85C Model Hold 'clk'
Slack : 0.235
TNS   : 0.000

Type  : Fast 1100mV 85C Model Minimum Pulse Width 'clk'
Slack : -0.095
TNS   : -272.948

Type  : Fast 1100mV 0C Model Setup 'clk'
Slack : -40.682
TNS   : -126314.976

Type  : Fast 1100mV 0C Model Hold 'clk'
Slack : 0.222
TNS   : 0.000

Type  : Fast 1100mV 0C Model Minimum Pulse Width 'clk'
Slack : -0.093
TNS   : -275.316

------------------------------------------------------------
